
If you require further assistance please contact us by sending email to
export@cisco.com.
cisco 2811 (MPC860) processor (revision 0x200) with 60416K/5120K bytes of memory
Processor board ID JAD05190MTZ (4292891495)
M860 processor: part number 0, mask 49
4 FastEthernet/IEEE 802.3 interface(s)
239K bytes of non-volatile configuration memory.
62720K bytes of  ATA CompactFlash (Read/Write)
Cisco IOS Software, 2800 Software (C2800NM-ADVIPSERVICESK9-M), Version 12.4(15)T1, RELEASE SOFTWARE (fc2)
Technical Support: http://www.cisco.com/techsupport
Copyright (c) 1986-2007 by Cisco Systems, Inc.
Compiled Wed 18-Jul-07 06:21 by pt_rel_team

Press RETURN to get started!



Router>en
Router#conf t
Enter configuration commands, one per line.  End with CNTL/Z.
Router(config)#int fa0/0
Router(config-if)#ip add 10.8.1.2 255.255.255.0
Router(config-if)#exit
Router(config)#int ffa0/1
                    ^
% Invalid input detected at '^' marker.
	
Router(config)#int fa0/1
Router(config-if)#ip add 192.168.10.5 255.255.255.252
Router(config-if)#exit
Router(config)#int fa1/0 192.168.3.1 255.255.255.0
                         ^
% Invalid input detected at '^' marker.
	
Router(config)#int fa1/0
Router(config-if)#ip add 192.168.3.1 255.255.255.0
Router(config-if)#exit
Router(config)#no shutdown
                   ^
% Invalid input detected at '^' marker.
	
Router(config)#








Router con0 is now available






Press RETURN to get started.













Router>
Router>en
Router#conf t
Enter configuration commands, one per line.  End with CNTL/Z.
Router(config)#int fa0/0
Router(config-if)#no sh

Router(config-if)#
%LINK-5-CHANGED: Interface FastEthernet0/0, changed state to up

%LINEPROTO-5-UPDOWN: Line protocol on Interface FastEthernet0/0, changed state to up

Router(config-if)#exit
Router(config)#int fa0/1
Router(config-if)#no sh

Router(config-if)#
%LINK-5-CHANGED: Interface FastEthernet0/1, changed state to up

%LINEPROTO-5-UPDOWN: Line protocol on Interface FastEthernet0/1, changed state to up
exit
Router(config)#int fa1/0
Router(config-if)#no sh

Router(config-if)#
%LINK-5-CHANGED: Interface FastEthernet1/0, changed state to up
exit
Router(config)#exit
Router#
%SYS-5-CONFIG_I: Configured from console by console
wr mem
Building configuration...
[OK]
Router#
Router#
%LINEPROTO-5-UPDOWN: Line protocol on Interface FastEthernet1/0, changed state to up









Router con0 is now available






Press RETURN to get started.













Router>en
Router#conf t
Enter configuration commands, one per line.  End with CNTL/Z.
Router(config)#router rip
Router(config-router)#ver 2
Router(config-router)#net 192.168.3.0
Router(config-router)#net 192.168.10.40
Router(config-router)#net 192.168.10.4
Router(config-router)#net 10.8.1.0
Router(config-router)#?
  auto-summary         Enter Address Family command mode
  default-information  Control distribution of default information
  distance             Define an administrative distance
  exit                 Exit from routing protocol configuration mode
  network              Enable routing on an IP network
  no                   Negate a command or set its defaults
  passive-interface    Suppress routing updates on an interface
  redistribute         Redistribute information from another routing protocol
  timers               Adjust routing timers
  version              Set routing protocol version
Router(config-router)#exit
Router(config)#ex
Router#
%SYS-5-CONFIG_I: Configured from console by console

Router#showip route
              ^
% Invalid input detected at '^' marker.
	
Router#show ip route
Codes: C - connected, S - static, I - IGRP, R - RIP, M - mobile, B - BGP
       D - EIGRP, EX - EIGRP external, O - OSPF, IA - OSPF inter area
       N1 - OSPF NSSA external type 1, N2 - OSPF NSSA external type 2
       E1 - OSPF external type 1, E2 - OSPF external type 2, E - EGP
       i - IS-IS, L1 - IS-IS level-1, L2 - IS-IS level-2, ia - IS-IS inter area
       * - candidate default, U - per-user static route, o - ODR
       P - periodic downloaded static route

Gateway of last resort is not set

     10.0.0.0/8 is variably subnetted, 2 subnets, 2 masks
R       10.0.0.0/8 [120/2] via 192.168.10.6, 00:02:45, FastEthernet0/1
C       10.8.1.0/24 is directly connected, FastEthernet0/0
R    192.168.1.0/24 [120/1] via 10.8.1.1, 00:00:21, FastEthernet0/0
R    192.168.2.0/24 [120/1] via 192.168.10.6, 00:00:24, FastEthernet0/1
C    192.168.3.0/24 is directly connected, FastEthernet1/0
     192.168.10.0/24 is variably subnetted, 3 subnets, 2 masks
R       192.168.10.0/24 is possibly down, routing via 192.168.10.6, FastEthernet0/1
R       192.168.10.0/30 [120/1] via 192.168.10.6, 00:00:24, FastEthernet0/1
C       192.168.10.4/30 is directly connected, FastEthernet0/1

Router#show ip int br
Interface              IP-Address      OK? Method Status                Protocol 
FastEthernet0/0        10.8.1.2        YES manual up                    up 
FastEthernet0/1        192.168.10.5    YES manual up                    up 
FastEthernet1/0        192.168.3.1     YES manual up                    up 
FastEthernet1/1        unassigned      YES unset  administratively down down 
Vlan1                  unassigned      YES unset  administratively down down
Router#wr mem
Building configuration...
[OK]
Router#